
> mongsil-cleaning-game@0.1.0 dev
> vite


  [32m[1mVITE[22m v5.4.21[39m  [2mready in [0m[1m729[22m[2m[0m ms[22m

  [32m➜[39m  [1mLocal[22m:   [36mhttp://localhost:[1m5173[22m/[39m
[2m  [32m➜[39m  [1mNetwork[22m[2m: use [22m[1m--host[22m[2m to expose[22m
[2mPM 7:55:54[22m [36m[1m[vite][22m[39m [32mhmr update [39m[2m/src/components/game/GameScene.tsx, /src/components/ui/ToolBar.tsx, /src/components/game/RoomBackground.tsx, /src/components/ui/ProgressPanel.tsx, /src/components/game/CleanableItem.tsx[22m
[2mPM 7:55:54[22m [36m[1m[vite][22m[39m [32mhmr update [39m[2m/src/components/game/GameScene.tsx, /src/components/ui/ToolBar.tsx, /src/components/game/RoomBackground.tsx, /src/components/ui/ProgressPanel.tsx, /src/components/game/CleanableItem.tsx[22m
[2mPM 7:56:02[22m [36m[1m[vite][22m[39m [32mhmr update [39m[2m/src/components/game/GameScene.tsx, /src/components/ui/ToolBar.tsx, /src/components/game/RoomBackground.tsx, /src/components/ui/ProgressPanel.tsx, /src/components/game/CleanableItem.tsx[22m
[2mPM 7:56:09[22m [36m[1m[vite][22m[39m [32mhmr update [39m[2m/src/components/ui/ToolBar.tsx[22m
[2mPM 7:56:13[22m [36m[1m[vite][22m[39m [32mhmr update [39m[2m/src/components/ui/ToolBar.tsx[22m
[2mPM 7:56:18[22m [36m[1m[vite][22m[39m [32mhmr update [39m[2m/src/components/ui/ToolBar.tsx[22m
[2mPM 7:56:27[22m [36m[1m[vite][22m[39m [32mhmr update [39m[2m/src/components/common/StartScreen.tsx[22m
[2mPM 7:56:33[22m [36m[1m[vite][22m[39m [32mhmr update [39m[2m/src/components/common/StartScreen.tsx[22m
[2mPM 7:56:45[22m [36m[1m[vite][22m[39m [32mhmr update [39m[2m/src/components/game/RoomBackground.tsx[22m
[2mPM 7:56:52[22m [36m[1m[vite][22m[39m [32mhmr update [39m[2m/src/components/game/RoomBackground.tsx[22m
[2mPM 7:56:57[22m [36m[1m[vite][22m[39m [32mhmr update [39m[2m/src/components/game/RoomBackground.tsx[22m
[2mPM 7:57:15[22m [36m[1m[vite][22m[39m [32mhmr update [39m[2m/src/components/game/CleaningEffects.tsx[22m
[2mPM 7:57:23[22m [36m[1m[vite][22m[39m [32mhmr update [39m[2m/src/components/game/CleaningEffects.tsx[22m
[2mPM 7:57:35[22m [36m[1m[vite][22m[39m [32mhmr update [39m[2m/src/components/ui/MemoryPopup.tsx[22m
[2mPM 7:57:44[22m [36m[1m[vite][22m[39m [32mhmr update [39m[2m/src/components/ui/MemoryPopup.tsx[22m
[2mPM 7:57:50[22m [36m[1m[vite][22m[39m [32mhmr update [39m[2m/src/components/ui/CompletionModal.tsx[22m
[2mPM 7:57:56[22m [36m[1m[vite][22m[39m [32mhmr update [39m[2m/src/components/ui/CompletionModal.tsx[22m
[2mPM 7:58:02[22m [36m[1m[vite][22m[39m [32mhmr update [39m[2m/src/components/ui/CompletionModal.tsx[22m
[2mPM 7:58:10[22m [36m[1m[vite][22m[39m [32mhmr update [39m[2m/src/components/ui/DialogueBox.tsx[22m
[2mPM 7:58:15[22m [36m[1m[vite][22m[39m [32mhmr update [39m[2m/src/components/ui/DialogueBox.tsx[22m
[2mPM 7:58:20[22m [36m[1m[vite][22m[39m [32mhmr update [39m[2m/src/components/ui/DialogueBox.tsx[22m
[2mPM 7:58:28[22m [36m[1m[vite][22m[39m [32mhmr update [39m[2m/src/components/ui/ProgressPanel.tsx[22m
[2mPM 7:58:33[22m [36m[1m[vite][22m[39m [32mhmr update [39m[2m/src/components/ui/ProgressPanel.tsx[22m
[2mPM 7:58:39[22m [36m[1m[vite][22m[39m [32mhmr update [39m[2m/src/components/ui/ProgressPanel.tsx[22m
[2mPM 7:58:49[22m [36m[1m[vite][22m[39m [32mhmr update [39m[2m/src/components/game/Ghost.tsx[22m
[2mPM 7:58:53[22m [36m[1m[vite][22m[39m [32mhmr update [39m[2m/src/components/game/Ghost.tsx[22m
[2mPM 7:58:59[22m [36m[1m[vite][22m[39m [32mhmr update [39m[2m/src/components/game/Ghost.tsx[22m
